2026-04-05 22:58:33,174 - INFO - ------knn------
2026-04-05 22:58:33,194 - INFO - [[717 319]
 [ 82 291]]
2026-04-05 22:58:33,195 - INFO - 0.7154009936124911
2026-04-05 22:58:33,200 - INFO -               precision    recall  f1-score   support

           0       0.90      0.69      0.78      1036
           1       0.48      0.78      0.59       373

    accuracy                           0.72      1409
   macro avg       0.69      0.74      0.69      1409
weighted avg       0.79      0.72      0.73      1409

2026-04-05 22:58:33,200 - INFO - -----nb-----
2026-04-05 22:58:33,206 - INFO - [[566 470]
 [ 51 322]]
2026-04-05 22:58:33,207 - INFO - 0.6302342086586231
2026-04-05 22:58:33,213 - INFO -               precision    recall  f1-score   support

           0       0.92      0.55      0.68      1036
           1       0.41      0.86      0.55       373

    accuracy                           0.63      1409
   macro avg       0.66      0.70      0.62      1409
weighted avg       0.78      0.63      0.65      1409

2026-04-05 22:58:33,213 - INFO - ------lr-----
2026-04-05 22:58:33,244 - INFO - [[785 251]
 [ 80 293]]
2026-04-05 22:58:33,246 - INFO - 0.7650816181689141
2026-04-05 22:58:33,252 - INFO -               precision    recall  f1-score   support

           0       0.91      0.76      0.83      1036
           1       0.54      0.79      0.64       373

    accuracy                           0.77      1409
   macro avg       0.72      0.77      0.73      1409
weighted avg       0.81      0.77      0.78      1409

2026-04-05 22:58:33,252 - INFO - ----dt-----
2026-04-05 22:58:33,415 - INFO - [[858 178]
 [207 166]]
2026-04-05 22:58:33,415 - INFO - 0.7267565649396736
2026-04-05 22:58:33,420 - INFO -               precision    recall  f1-score   support

           0       0.81      0.83      0.82      1036
           1       0.48      0.45      0.46       373

    accuracy                           0.73      1409
   macro avg       0.64      0.64      0.64      1409
weighted avg       0.72      0.73      0.72      1409

2026-04-05 22:58:33,420 - INFO - -----rf------
2026-04-05 22:58:33,514 - INFO - [[890 146]
 [174 199]]
2026-04-05 22:58:33,515 - INFO - 0.772888573456352
2026-04-05 22:58:33,521 - INFO -               precision    recall  f1-score   support

           0       0.84      0.86      0.85      1036
           1       0.58      0.53      0.55       373

    accuracy                           0.77      1409
   macro avg       0.71      0.70      0.70      1409
weighted avg       0.77      0.77      0.77      1409

2026-04-05 22:58:33,521 - INFO - ------adab------
2026-04-05 22:58:33,553 - INFO - [[728 308]
 [ 76 297]]
2026-04-05 22:58:33,554 - INFO - 0.7274662881476224
2026-04-05 22:58:33,559 - INFO -               precision    recall  f1-score   support

           0       0.91      0.70      0.79      1036
           1       0.49      0.80      0.61       373

    accuracy                           0.73      1409
   macro avg       0.70      0.75      0.70      1409
weighted avg       0.80      0.73      0.74      1409

2026-04-05 22:58:33,560 - INFO - -------gb------
2026-04-05 22:58:33,704 - INFO - [[786 250]
 [ 80 293]]
2026-04-05 22:58:33,705 - INFO - 0.765791341376863
2026-04-05 22:58:33,712 - INFO -               precision    recall  f1-score   support

           0       0.91      0.76      0.83      1036
           1       0.54      0.79      0.64       373

    accuracy                           0.77      1409
   macro avg       0.72      0.77      0.73      1409
weighted avg       0.81      0.77      0.78      1409

2026-04-05 22:58:33,712 - INFO - -----xgb------
2026-04-05 22:58:33,748 - INFO - [[840 196]
 [118 255]]
2026-04-05 22:58:33,749 - INFO - 0.7771469127040455
2026-04-05 22:58:33,756 - INFO -               precision    recall  f1-score   support

           0       0.88      0.81      0.84      1036
           1       0.57      0.68      0.62       373

    accuracy                           0.78      1409
   macro avg       0.72      0.75      0.73      1409
weighted avg       0.79      0.78      0.78      1409

2026-04-05 22:58:33,756 - INFO - ------svm-----
2026-04-05 22:58:35,996 - INFO - [[766 270]
 [ 68 305]]
2026-04-05 22:58:35,997 - INFO - 0.7601135557132718
2026-04-05 22:58:36,005 - INFO -               precision    recall  f1-score   support

           0       0.92      0.74      0.82      1036
           1       0.53      0.82      0.64       373

    accuracy                           0.76      1409
   macro avg       0.72      0.78      0.73      1409
weighted avg       0.82      0.76      0.77      1409

2026-04-05 22:58:36,005 - INFO - -----------auc_roc---------------
2026-04-05 22:59:00,046 - INFO - *********HYPERPARAMETER--TUNING*******************************
