2026-04-05 22:58:31,280 - INFO - before handling missing value x_train shape and columns : (5634, 20) 
 : Index(['gender', 'SeniorCitizen', 'Partner', 'Dependents', 'tenure',
       'PhoneService', 'MultipleLines', 'InternetService', 'OnlineSecurity',
       'OnlineBackup', 'DeviceProtection', 'TechSupport', 'StreamingTV',
       'StreamingMovies', 'Contract', 'PaperlessBilling', 'PaymentMethod',
       'MonthlyCharges', 'TotalCharges', 'Networks'],
      dtype='str') : gender               0
SeniorCitizen        0
Partner              0
Dependents           0
tenure               0
PhoneService         0
MultipleLines        0
InternetService      0
OnlineSecurity       0
OnlineBackup         0
DeviceProtection     0
TechSupport          0
StreamingTV          0
StreamingMovies      0
Contract             0
PaperlessBilling     0
PaymentMethod        0
MonthlyCharges       0
TotalCharges        10
Networks             0
dtype: int64
2026-04-05 22:58:31,281 - INFO - before handling missing value x_test shape and columns : (1409, 20) 
 : Index(['gender', 'SeniorCitizen', 'Partner', 'Dependents', 'tenure',
       'PhoneService', 'MultipleLines', 'InternetService', 'OnlineSecurity',
       'OnlineBackup', 'DeviceProtection', 'TechSupport', 'StreamingTV',
       'StreamingMovies', 'Contract', 'PaperlessBilling', 'PaymentMethod',
       'MonthlyCharges', 'TotalCharges', 'Networks'],
      dtype='str') : gender              0
SeniorCitizen       0
Partner             0
Dependents          0
tenure              0
PhoneService        0
MultipleLines       0
InternetService     0
OnlineSecurity      0
OnlineBackup        0
DeviceProtection    0
TechSupport         0
StreamingTV         0
StreamingMovies     0
Contract            0
PaperlessBilling    0
PaymentMethod       0
MonthlyCharges      0
TotalCharges        1
Networks            0
dtype: int64
2026-04-05 22:58:31,291 - INFO - After handling missing value x_train shape and columns : (5634, 20) 
 : Index(['gender', 'SeniorCitizen', 'Partner', 'Dependents', 'tenure',
       'PhoneService', 'MultipleLines', 'InternetService', 'OnlineSecurity',
       'OnlineBackup', 'DeviceProtection', 'TechSupport', 'StreamingTV',
       'StreamingMovies', 'Contract', 'PaperlessBilling', 'PaymentMethod',
       'MonthlyCharges', 'Networks', 'TotalCharges_mode'],
      dtype='str')  : gender               0
SeniorCitizen        0
Partner              0
Dependents           0
tenure               0
PhoneService         0
MultipleLines        0
InternetService      0
OnlineSecurity       0
OnlineBackup         0
DeviceProtection     0
TechSupport          0
StreamingTV          0
StreamingMovies      0
Contract             0
PaperlessBilling     0
PaymentMethod        0
MonthlyCharges       0
Networks             0
TotalCharges_mode    0
dtype: int64
2026-04-05 22:58:31,292 - INFO - After handling missing value x_test shape and columns : (1409, 20) 
 : Index(['gender', 'SeniorCitizen', 'Partner', 'Dependents', 'tenure',
       'PhoneService', 'MultipleLines', 'InternetService', 'OnlineSecurity',
       'OnlineBackup', 'DeviceProtection', 'TechSupport', 'StreamingTV',
       'StreamingMovies', 'Contract', 'PaperlessBilling', 'PaymentMethod',
       'MonthlyCharges', 'Networks', 'TotalCharges_mode'],
      dtype='str') : gender               0
SeniorCitizen        0
Partner              0
Dependents           0
tenure               0
PhoneService         0
MultipleLines        0
InternetService      0
OnlineSecurity       0
OnlineBackup         0
DeviceProtection     0
TechSupport          0
StreamingTV          0
StreamingMovies      0
Contract             0
PaperlessBilling     0
PaymentMethod        0
MonthlyCharges       0
Networks             0
TotalCharges_mode    0
dtype: int64
